// Jest Snapshot v1, https://goo.gl/fbAQLP

exports[`FabComponent.vue Should match the snapshot 1`] = `<button class="btn btn-primary"><i class="fa fa-2xl fa-plus"></i></button>`;
