// Jest Snapshot v1, https://goo.gl/fbAQLP

exports[`HomeView.vue Should match the snapshot 1`] = `
<div class="home"><img alt="Vue logo" src="">
  <h1>Hello world</h1><button class="btn btn-primary">Primary</button><button class="btn btn-secondary">Secondary</button><button class="btn btn-success">Success</button>
</div>
`;
